2026-02-14 23:18:09,113 - INFO - Starting scraper for 6 hours
2026-02-14 23:18:09,113 - INFO - Geo: IN, End time: 2026-02-15 05:18:09.113213
2026-02-14 23:18:09,958 - INFO - 
==================================================
2026-02-14 23:18:09,958 - INFO - Starting Cycle #1
2026-02-14 23:18:09,958 - INFO - ==================================================

2026-02-14 23:18:09,959 - INFO - Starting chromium session
2026-02-14 23:18:09,963 - INFO - Starting firefox session
2026-02-14 23:18:09,965 - INFO - Starting webkit session
2026-02-14 23:18:10,272 - INFO - Visiting https://maheshsawale.blogspot.com/2022/09/how-to-trade-in-stock-market.html (Attempt 1/3)
2026-02-14 23:18:10,335 - INFO - Visiting https://maheshsawale.blogspot.com/2022/08/how-to-start-blogging.html (Attempt 1/3)
2026-02-14 23:18:11,192 - INFO - Visiting https://maheshsawale.blogspot.com/2025/04/how-ai-and-big-data-are-changing-stock.html (Attempt 1/3)
2026-02-14 23:19:04,814 - INFO - firefox session closed
2026-02-14 23:19:04,817 - ERROR - Session error for chromium: BrowserContext.close: Target page, context or browser has been closed
2026-02-14 23:19:04,888 - ERROR - Session error for webkit: BrowserContext.close: Target page, context or browser has been closed
Browser logs:

<launching> C:\Users\jayes\AppData\Local\ms-playwright\webkit-2248\Playwright.exe --inspector-pipe --disable-accelerated-compositing --headless --no-startup-window --disable-dev-shm-usage
<launched> pid=18400
[pid=18400] <gracefully close start>
2026-02-14 23:19:55,629 - INFO - Starting scraper for 6 hours
2026-02-14 23:19:55,629 - INFO - Geo: IN, End time: 2026-02-15 05:19:55.628738
2026-02-14 23:19:56,476 - INFO - 
==================================================
2026-02-14 23:19:56,476 - INFO - Starting Cycle #1
2026-02-14 23:19:56,476 - INFO - ==================================================

2026-02-14 23:19:56,476 - INFO - Starting chromium session
2026-02-14 23:19:56,480 - INFO - Starting firefox session
2026-02-14 23:19:56,481 - INFO - Starting webkit session
2026-02-14 23:19:56,910 - INFO - Visiting https://maheshsawale.blogspot.com/2025/04/how-ai-and-big-data-are-changing-stock.html (Attempt 1/3)
2026-02-14 23:19:57,103 - INFO - Visiting https://maheshsawale.blogspot.com/2024/04/a-comprehensive-guide-to-invest-in.html (Attempt 1/3)
2026-02-14 23:19:58,630 - INFO - Visiting https://maheshsawale.blogspot.com/2022/08/what-is-web-hosting-in-marathi.html (Attempt 1/3)
2026-02-14 23:21:21,654 - INFO - Visiting https://maheshsawale.blogspot.com/2024/04/a-comprehensive-guide-to-invest-in.html (Attempt 1/3)
2026-02-14 23:21:22,386 - INFO - Visiting https://maheshsawale.blogspot.com/ (Attempt 1/3)
2026-02-14 23:21:29,180 - INFO - Visiting https://maheshsawale.blogspot.com/2022/08/seo.html (Attempt 1/3)
2026-02-14 23:22:19,572 - INFO - firefox session closed
2026-02-14 23:22:19,658 - INFO - chromium session closed
2026-02-14 23:22:19,698 - ERROR - Session error for webkit: BrowserContext.close: Target page, context or browser has been closed
Browser logs:

<launching> C:\Users\jayes\AppData\Local\ms-playwright\webkit-2248\Playwright.exe --inspector-pipe --disable-accelerated-compositing --no-startup-window --disable-dev-shm-usage
<launched> pid=20148
[pid=20148] <gracefully close start>
2026-02-14 23:22:26,158 - INFO - Starting scraper for 6 hours
2026-02-14 23:22:26,158 - INFO - Geo: IN, End time: 2026-02-15 05:22:26.158680
2026-02-14 23:22:26,158 - INFO - Ad click probability: 30.0%
2026-02-14 23:22:27,022 - INFO - 
==================================================
2026-02-14 23:22:27,022 - INFO - Starting Cycle #1
2026-02-14 23:22:27,022 - INFO - ==================================================

2026-02-14 23:22:27,022 - INFO - Starting chromium session
2026-02-14 23:22:27,027 - INFO - Starting firefox session
2026-02-14 23:22:27,029 - INFO - Starting webkit session
2026-02-14 23:22:27,420 - INFO - Visiting https://maheshsawale.blogspot.com/2022/08/how-to-start-blogging.html (Attempt 1/3)
2026-02-14 23:22:27,658 - INFO - Visiting https://maheshsawale.blogspot.com/2022/08/5-ways-to-reduce-your-power-bill-by.html (Attempt 1/3)
2026-02-14 23:22:29,067 - INFO - Visiting https://maheshsawale.blogspot.com/2022/09/how-to-trade-in-stock-market.html (Attempt 1/3)
2026-02-14 23:22:48,905 - INFO - Skipping ad clicks this round
2026-02-14 23:22:50,125 - INFO - Found 10 ads with selector: iframe[src*='googleads']
2026-02-14 23:22:50,165 - INFO - Found 20 ads with selector: ins.adsbygoogle
2026-02-14 23:22:50,184 - INFO - Found 20 ads with selector: .adsbygoogle
2026-02-14 23:22:50,200 - INFO - Found 1 ads with selector: a[href*='google']
2026-02-14 23:22:50,218 - INFO - Attempting to click 2 out of 51 available ads
2026-02-14 23:22:51,351 - INFO - Skipping ad clicks this round
2026-02-14 23:22:52,322 - INFO - Successfully clicked 0 ads
2026-02-14 23:23:50,294 - INFO - Visiting https://maheshsawale.blogspot.com/2025/04/how-ai-and-big-data-are-changing-stock.html (Attempt 1/3)
2026-02-14 23:23:53,726 - INFO - Visiting https://maheshsawale.blogspot.com/2022/08/how-to-start-blogging.html (Attempt 1/3)
2026-02-14 23:23:57,984 - INFO - Visiting https://maheshsawale.blogspot.com/2024/04/what-is-machine-learning-and-artificial.html (Attempt 1/3)
2026-02-14 23:24:04,402 - INFO - firefox session closed
2026-02-14 23:25:46,589 - INFO - Starting scraper for 6 hours
2026-02-14 23:25:46,589 - INFO - Geo: IN, End time: 2026-02-15 05:25:46.589075
2026-02-14 23:25:46,589 - INFO - Ad click probability: 30.0%
2026-02-14 23:25:47,377 - INFO - 
==================================================
2026-02-14 23:25:47,379 - INFO - Starting Cycle #1
2026-02-14 23:25:47,379 - INFO - ==================================================

2026-02-14 23:25:47,379 - INFO - Starting chromium session
2026-02-14 23:25:47,383 - INFO - Starting firefox session
2026-02-14 23:25:47,384 - INFO - Starting webkit session
2026-02-14 23:25:47,740 - INFO - Visiting https://maheshsawale.blogspot.com/2025/04/how-ai-and-big-data-are-changing-stock.html (Attempt 1/3)
2026-02-14 23:25:47,985 - INFO - Visiting https://maheshsawale.blogspot.com/2022/08/how-to-start-blogging.html (Attempt 1/3)
2026-02-14 23:25:49,469 - INFO - Visiting https://maheshsawale.blogspot.com/2022/08/how-to-start-blogging.html (Attempt 1/3)
2026-02-14 23:26:09,768 - INFO - Skipping ad clicks this round
2026-02-14 23:26:10,017 - INFO - Skipping ad clicks this round
2026-02-14 23:26:11,530 - INFO - Skipping ad clicks this round
2026-02-14 23:26:59,303 - INFO - Visiting https://maheshsawale.blogspot.com/2024/04/what-is-machine-learning-and-artificial.html (Attempt 1/3)
2026-02-14 23:27:00,613 - INFO - Visiting https://maheshsawale.blogspot.com/2022/08/seo.html (Attempt 1/3)
2026-02-14 23:27:14,990 - INFO - Visiting https://maheshsawale.blogspot.com/2022/09/how-to-trade-in-stock-market.html (Attempt 1/3)
2026-02-14 23:27:18,849 - INFO - Skipping ad clicks this round
2026-02-14 23:27:20,621 - INFO - Found 20 ads with selector: iframe[src*='googleads']
2026-02-14 23:27:20,675 - INFO - Found 19 ads with selector: ins.adsbygoogle
2026-02-14 23:27:20,701 - INFO - Found 19 ads with selector: .adsbygoogle
2026-02-14 23:27:20,727 - INFO - Found 2 ads with selector: a[href*='google']
2026-02-14 23:27:20,762 - INFO - Attempting to click 2 out of 60 available ads
2026-02-14 23:27:34,274 - INFO - Skipping ad clicks this round
2026-02-14 23:27:51,490 - WARNING - Failed to click ad: ElementHandle.scroll_into_view_if_needed: Timeout 30000ms exceeded.
Call log:
  - attempting scroll into view action
    2 × waiting for element to be stable
      - element is not visible
    - retrying scroll into view action
    - waiting 20ms
    2 × waiting for element to be stable
      - element is not visible
    - retrying scroll into view action
      - waiting 100ms
    46 × waiting for element to be stable
       - element is not visible
     - retrying scroll into view action
       - waiting 500ms
    - waiting for element to be stable

2026-02-14 23:27:51,490 - INFO - Successfully clicked 0 ads
2026-02-14 23:28:18,745 - INFO - Visiting https://maheshsawale.blogspot.com/2022/09/how-to-trade-in-stock-market.html (Attempt 1/3)
2026-02-14 23:28:45,994 - INFO - Visiting https://maheshsawale.blogspot.com/2022/08/blog-post.html (Attempt 1/3)
2026-02-14 23:28:54,297 - INFO - Skipping ad clicks this round
2026-02-14 23:28:55,559 - INFO - Visiting https://maheshsawale.blogspot.com/2025/04/how-ai-and-big-data-are-changing-stock.html (Attempt 1/3)
2026-02-14 23:29:06,136 - INFO - Skipping ad clicks this round
2026-02-14 23:29:15,983 - INFO - Skipping ad clicks this round
2026-02-14 23:29:56,630 - INFO - Visiting https://maheshsawale.blogspot.com/2022/08/5-ways-to-reduce-your-power-bill-by.html (Attempt 1/3)
2026-02-14 23:30:02,745 - INFO - Visiting https://maheshsawale.blogspot.com/2024/04/a-comprehensive-guide-to-invest-in.html (Attempt 1/3)
2026-02-14 23:30:17,279 - INFO - Found 12 ads with selector: iframe[src*='googleads']
2026-02-14 23:30:17,331 - INFO - Found 11 ads with selector: ins.adsbygoogle
2026-02-14 23:30:17,345 - INFO - Found 11 ads with selector: .adsbygoogle
2026-02-14 23:30:17,368 - INFO - Found 2 ads with selector: a[href*='google']
2026-02-14 23:30:17,393 - INFO - Attempting to click 3 out of 36 available ads
2026-02-14 23:30:19,897 - INFO - Visiting https://maheshsawale.blogspot.com/2022/08/blog-post.html (Attempt 1/3)
2026-02-14 23:30:22,158 - WARNING - Failed to click ad: 'Mouse' object has no attribute 'move_to_element'
2026-02-14 23:30:24,140 - WARNING - Failed to click ad: 'Mouse' object has no attribute 'move_to_element'
2026-02-14 23:30:24,140 - INFO - Successfully clicked 0 ads
2026-02-14 23:30:39,939 - INFO - Found 17 ads with selector: iframe[src*='googleads']
2026-02-14 23:30:39,977 - INFO - Found 16 ads with selector: ins.adsbygoogle
2026-02-14 23:30:39,995 - INFO - Found 16 ads with selector: .adsbygoogle
2026-02-14 23:30:40,010 - INFO - Found 2 ads with selector: a[href*='google']
2026-02-14 23:30:40,026 - INFO - Attempting to click 3 out of 51 available ads
2026-02-14 23:30:43,327 - WARNING - Failed to click ad: 'Mouse' object has no attribute 'move_to_element'
2026-02-14 23:30:44,309 - INFO - Successfully clicked 0 ads
2026-02-14 23:31:32,296 - INFO - chromium session completed - Duration: 344.3s, Visits: 4, Ads Clicked: 0
2026-02-14 23:31:32,780 - INFO - chromium session closed
2026-02-14 23:31:38,406 - INFO - webkit session completed - Duration: 350.7s, Visits: 4, Ads Clicked: 0
2026-02-14 23:31:38,545 - INFO - webkit session closed
2026-02-14 23:32:12,742 - INFO - Skipping ad clicks this round
2026-02-14 23:33:04,344 - INFO - firefox session completed - Duration: 434.9s, Visits: 4, Ads Clicked: 0
2026-02-14 23:33:04,825 - INFO - firefox session closed
2026-02-14 23:33:04,825 - INFO - Cycle finished. Waiting 5 seconds before restart...

2026-02-14 23:33:09,830 - INFO - 
==================================================
2026-02-14 23:33:09,830 - INFO - Starting Cycle #2
2026-02-14 23:33:09,830 - INFO - ==================================================

2026-02-14 23:33:09,830 - INFO - Starting chromium session
2026-02-14 23:33:09,833 - INFO - Starting firefox session
2026-02-14 23:33:09,835 - INFO - Starting webkit session
2026-02-14 23:33:10,199 - INFO - Visiting https://maheshsawale.blogspot.com/2022/08/what-is-web-hosting-in-marathi.html (Attempt 1/3)
2026-02-14 23:33:10,543 - INFO - Visiting https://maheshsawale.blogspot.com/2022/08/what-is-web-hosting-in-marathi.html (Attempt 1/3)
2026-02-14 23:33:11,915 - INFO - Visiting https://maheshsawale.blogspot.com/2024/04/a-comprehensive-guide-to-invest-in.html (Attempt 1/3)
2026-02-14 23:33:31,672 - INFO - Skipping ad clicks this round
2026-02-14 23:33:32,921 - INFO - Skipping ad clicks this round
2026-02-14 23:33:46,794 - INFO - firefox session closed
2026-02-14 23:33:46,842 - ERROR - Session error for chromium: BrowserContext.close: Target page, context or browser has been closed
Browser logs:

<launching> C:\Users\jayes\AppData\Local\ms-playwright\chromium-1208\chrome-win64\chrome.exe --disable-field-trial-config --disable-background-networking --disable-background-timer-throttling --disable-backgrounding-occluded-windows --disable-back-forward-cache --disable-breakpad --disable-client-side-phishing-detection --disable-component-extensions-with-background-pages --disable-component-update --no-default-browser-check --disable-default-apps --disable-dev-shm-usage --disable-extensions --disable-features=AvoidUnnecessaryBeforeUnloadCheckSync,BoundaryEventDispatchTracksNodeRemoval,DestroyProfileOnBrowserClose,DialMediaRouteProvider,GlobalMediaControls,HttpsUpgrades,LensOverlay,MediaRouter,PaintHolding,ThirdPartyStoragePartitioning,Translate,AutoDeElevate,RenderDocument,OptimizationHints --enable-features=CDPScreenshotNewSurface --allow-pre-commit-input --disable-hang-monitor --disable-ipc-flooding-protection --disable-popup-blocking --disable-prompt-on-repost --disable-renderer-backgrounding --force-color-profile=srgb --metrics-recording-only --no-first-run --password-store=basic --use-mock-keychain --no-service-autorun --export-tagged-pdf --disable-search-engine-choice-screen --unsafely-disable-devtools-self-xss-warnings --edge-skip-compat-layer-relaunch --enable-automation --disable-infobars --disable-search-engine-choice-screen --disable-sync --enable-unsafe-swiftshader --no-sandbox --disable-dev-shm-usage --user-data-dir=C:\Users\jayes\AppData\Local\Temp\playwright_chromiumdev_profile-LS8lVY --remote-debugging-pipe --no-startup-window
<launched> pid=22960
[pid=22960][err] [22960:15324:0214/233320.291:ERROR:google_apis\gcm\engine\registration_request.cc:290] Registration response error message: DEPRECATED_ENDPOINT
[pid=22960][err] [22960:15324:0214/233320.332:ERROR:google_apis\gcm\engine\registration_request.cc:290] Registration response error message: PHONE_REGISTRATION_ERROR
[pid=22960][err] [22960:15324:0214/233320.335:ERROR:google_apis\gcm\engine\registration_request.cc:290] Registration response error message: PHONE_REGISTRATION_ERROR
[pid=22960][err] [22960:15324:0214/233343.262:ERROR:google_apis\gcm\engine\registration_request.cc:290] Registration response error message: DEPRECATED_ENDPOINT
[pid=22960] <gracefully close start>
2026-02-14 23:33:46,954 - ERROR - Session error for webkit: BrowserContext.close: Target page, context or browser has been closed
Browser logs:

<launching> C:\Users\jayes\AppData\Local\ms-playwright\webkit-2248\Playwright.exe --inspector-pipe --disable-accelerated-compositing --no-startup-window --disable-dev-shm-usage
<launched> pid=24024
[pid=24024] <gracefully close start>
[pid=24024] <process did exit: exitCode=0, signal=null>
[pid=24024] starting temporary directories cleanup
2026-02-15 10:26:10,174 - INFO - Cycle 1 starting
2026-02-15 10:26:11,326 - INFO - Visiting https://maheshsawale.blogspot.com/
2026-02-15 10:26:13,536 - INFO - Visiting https://maheshsawale.blogspot.com/
2026-02-15 10:27:30,520 - INFO - Visiting https://maheshsawale.blogspot.com/2025/04/how-ai-and-big-data-are-changing-stock.html
2026-02-15 10:27:52,592 - INFO - Visiting https://maheshsawale.blogspot.com/2025/04/how-ai-and-big-data-are-changing-stock.html
2026-02-15 10:29:30,248 - INFO - Clicked 0 ads
2026-02-15 10:29:41,503 - INFO - Visiting https://maheshsawale.blogspot.com/
2026-02-15 10:30:26,859 - INFO - Visiting https://maheshsawale.blogspot.com/2022/09/how-to-trade-in-stock-market.html
2026-02-15 10:31:08,687 - INFO - Visiting https://maheshsawale.blogspot.com/
2026-02-15 10:32:21,640 - INFO - firefox: visits=3, ads=0
2026-02-15 10:32:26,051 - INFO - firefox closed
